read 20 points
13.49, 36.80
21.88, 37.88
8.43, 40.42
This is a triangle
