read 20 points
-21.35, -33.08
-16.62, -24.00
-8.06, -37.46
This is a triangle
