23.11, -42.90
-43.29, 26.82
-27.27, 16.03
30.67, -47.02
31.12, 44.54
-34.73, 41.03
49.91, 4.00
47.75, -34.16
4.91, -40.65
-5.66, -8.71
-21.35, -33.08
-1.25, 44.32
39.06, 3.58
7.17, -24.59
19.08, 46.12
-16.62, -24.00
-8.06, -37.46
24.79, -3.14
-33.08, -4.86
-21.70, 0.11
