-26.20, 4.42
-13.00, 10.39
12.57, -43.45
-48.68, 33.75
-24.06, -26.57
49.56, -2.97
33.65, -2.36
13.91, -34.94
13.49, 36.80
2.32, 24.13
25.82, 9.11
-19.87, -46.90
21.88, 37.88
-10.50, 30.09
-5.54, 43.56
37.89, -40.25
-36.40, -28.30
12.66, -19.90
0.72, -11.41
8.43, 40.42
