read 4 points
0.00, 0.00
1.00, 0.00
2.00, 0.00
This is not a triangle
