read 3 points
0.00, -49.99
-49.99, 49.99
49.99, -49.99
This is a triangle
