read 2 points
12.34, 14.23
17.94, 39.23
This is not a triangle
