Invalid input format
Invalid input format
read 1 points
12.22, 23.00
This is not a triangle
